Archive member included to satisfy reference by file (symbol)

c:/st/stm32cubeide_1.0.2/stm32cubeide/plugins/com.st.stm32cube.ide.mcu.externaltools.gnu-tools-for-stm32.7-2018-q2-update.win32_1.5.0.202011040924/tools/bin/../lib/gcc/arm-none-eabi/7.3.1/../../../../arm-none-eabi/lib/thumb/v6-m\libc_nano.a(lib_a-errno.o)
                              Core/Src/syscalls.o (__errno)
c:/st/stm32cubeide_1.0.2/stm32cubeide/plugins/com.st.stm32cube.ide.mcu.externaltools.gnu-tools-for-stm32.7-2018-q2-update.win32_1.5.0.202011040924/tools/bin/../lib/gcc/arm-none-eabi/7.3.1/../../../../arm-none-eabi/lib/thumb/v6-m\libc_nano.a(lib_a-exit.o)
                              c:/st/stm32cubeide_1.0.2/stm32cubeide/plugins/com.st.stm32cube.ide.mcu.externaltools.gnu-tools-for-stm32.7-2018-q2-update.win32_1.5.0.202011040924/tools/bin/../lib/gcc/arm-none-eabi/7.3.1/../../../../arm-none-eabi/lib/thumb/v6-m/crt0.o (exit)
c:/st/stm32cubeide_1.0.2/stm32cubeide/plugins/com.st.stm32cube.ide.mcu.externaltools.gnu-tools-for-stm32.7-2018-q2-update.win32_1.5.0.202011040924/tools/bin/../lib/gcc/arm-none-eabi/7.3.1/../../../../arm-none-eabi/lib/thumb/v6-m\libc_nano.a(lib_a-impure.o)
                              c:/st/stm32cubeide_1.0.2/stm32cubeide/plugins/com.st.stm32cube.ide.mcu.externaltools.gnu-tools-for-stm32.7-2018-q2-update.win32_1.5.0.202011040924/tools/bin/../lib/gcc/arm-none-eabi/7.3.1/../../../../arm-none-eabi/lib/thumb/v6-m\libc_nano.a(lib_a-exit.o) (_global_impure_ptr)
c:/st/stm32cubeide_1.0.2/stm32cubeide/plugins/com.st.stm32cube.ide.mcu.externaltools.gnu-tools-for-stm32.7-2018-q2-update.win32_1.5.0.202011040924/tools/bin/../lib/gcc/arm-none-eabi/7.3.1/../../../../arm-none-eabi/lib/thumb/v6-m\libc_nano.a(lib_a-init.o)
                              c:/st/stm32cubeide_1.0.2/stm32cubeide/plugins/com.st.stm32cube.ide.mcu.externaltools.gnu-tools-for-stm32.7-2018-q2-update.win32_1.5.0.202011040924/tools/bin/../lib/gcc/arm-none-eabi/7.3.1/../../../../arm-none-eabi/lib/thumb/v6-m/crt0.o (__libc_init_array)
c:/st/stm32cubeide_1.0.2/stm32cubeide/plugins/com.st.stm32cube.ide.mcu.externaltools.gnu-tools-for-stm32.7-2018-q2-update.win32_1.5.0.202011040924/tools/bin/../lib/gcc/arm-none-eabi/7.3.1/../../../../arm-none-eabi/lib/thumb/v6-m\libc_nano.a(lib_a-memcpy-stub.o)
                              Drivers/STM32F0xx_HAL_Driver/Src/stm32f0xx_hal_rcc.o (memcpy)
c:/st/stm32cubeide_1.0.2/stm32cubeide/plugins/com.st.stm32cube.ide.mcu.externaltools.gnu-tools-for-stm32.7-2018-q2-update.win32_1.5.0.202011040924/tools/bin/../lib/gcc/arm-none-eabi/7.3.1/../../../../arm-none-eabi/lib/thumb/v6-m\libc_nano.a(lib_a-memset.o)
                              c:/st/stm32cubeide_1.0.2/stm32cubeide/plugins/com.st.stm32cube.ide.mcu.externaltools.gnu-tools-for-stm32.7-2018-q2-update.win32_1.5.0.202011040924/tools/bin/../lib/gcc/arm-none-eabi/7.3.1/../../../../arm-none-eabi/lib/thumb/v6-m/crt0.o (memset)
c:/st/stm32cubeide_1.0.2/stm32cubeide/plugins/com.st.stm32cube.ide.mcu.externaltools.gnu-tools-for-stm32.7-2018-q2-update.win32_1.5.0.202011040924/tools/bin/../lib/gcc/arm-none-eabi/7.3.1/thumb/v6-m\libgcc.a(_thumb1_case_uqi.o)
                              Drivers/STM32F0xx_HAL_Driver/Src/stm32f0xx_hal_dma.o (__gnu_thumb1_case_uqi)
c:/st/stm32cubeide_1.0.2/stm32cubeide/plugins/com.st.stm32cube.ide.mcu.externaltools.gnu-tools-for-stm32.7-2018-q2-update.win32_1.5.0.202011040924/tools/bin/../lib/gcc/arm-none-eabi/7.3.1/thumb/v6-m\libgcc.a(_udivsi3.o)
                              Core/Src/system_stm32f0xx.o (__aeabi_uidiv)
c:/st/stm32cubeide_1.0.2/stm32cubeide/plugins/com.st.stm32cube.ide.mcu.externaltools.gnu-tools-for-stm32.7-2018-q2-update.win32_1.5.0.202011040924/tools/bin/../lib/gcc/arm-none-eabi/7.3.1/thumb/v6-m\libgcc.a(_divsi3.o)
                              Core/Src/system_stm32f0xx.o (__aeabi_idiv)
c:/st/stm32cubeide_1.0.2/stm32cubeide/plugins/com.st.stm32cube.ide.mcu.externaltools.gnu-tools-for-stm32.7-2018-q2-update.win32_1.5.0.202011040924/tools/bin/../lib/gcc/arm-none-eabi/7.3.1/thumb/v6-m\libgcc.a(_dvmd_tls.o)
                              c:/st/stm32cubeide_1.0.2/stm32cubeide/plugins/com.st.stm32cube.ide.mcu.externaltools.gnu-tools-for-stm32.7-2018-q2-update.win32_1.5.0.202011040924/tools/bin/../lib/gcc/arm-none-eabi/7.3.1/thumb/v6-m\libgcc.a(_udivsi3.o) (__aeabi_idiv0)
c:/st/stm32cubeide_1.0.2/stm32cubeide/plugins/com.st.stm32cube.ide.mcu.externaltools.gnu-tools-for-stm32.7-2018-q2-update.win32_1.5.0.202011040924/tools/bin/../lib/gcc/arm-none-eabi/7.3.1/thumb/v6-m\libgcc.a(_lshrdi3.o)
                              Drivers/STM32F0xx_HAL_Driver/Src/stm32f0xx_hal_flash.o (__aeabi_llsr)
c:/st/stm32cubeide_1.0.2/stm32cubeide/plugins/com.st.stm32cube.ide.mcu.externaltools.gnu-tools-for-stm32.7-2018-q2-update.win32_1.5.0.202011040924/tools/bin/../lib/gcc/arm-none-eabi/7.3.1/../../../../arm-none-eabi/lib/thumb/v6-m\libnosys.a(_exit.o)
[...]
Memory Configuration

Name             Origin             Length             Attributes
RAM              0x0000000020000000 0x0000000000002000 xrw
FLASH            0x0000000008000000 0x0000000000000ffc xr
FLASH_VERSION    0x0000000008000ffc 0x0000000000000004 xr
*default*        0x0000000000000000 0xffffffffffffffff

Linker script and memory map

LOAD c:/st/stm32cubeide_1.0.2/stm32cubeide/plugins/com.st.stm32cube.ide.mcu.externaltools.gnu-tools-for-stm32.7-2018-q2-update.win32_1.5.0.202011040924/tools/bin/../lib/gcc/arm-none-eabi/7.3.1/thumb/v6-m/crti.o
LOAD c:/st/stm32cubeide_1.0.2/stm32cubeide/plugins/com.st.stm32cube.ide.mcu.externaltools.gnu-tools-for-stm32.7-2018-q2-update.win32_1.5.0.202011040924/tools/bin/../lib/gcc/arm-none-eabi/7.3.1/thumb/v6-m/crtbegin.o
LOAD c:/st/stm32cubeide_1.0.2/stm32cubeide/plugins/com.st.stm32cube.ide.mcu.externaltools.gnu-tools-for-stm32.7-2018-q2-update.win32_1.5.0.202011040924/tools/bin/../lib/gcc/arm-none-eabi/7.3.1/../../../../arm-none-eabi/lib/thumb/v6-m/crt0.o
LOAD Core/Src/bootloader.o
LOAD Core/Src/main.o
LOAD Core/Src/stm32f0xx_it.o
LOAD Core/Src/syscalls.o
LOAD Core/Src/sysmem.o
LOAD Core/Src/system_stm32f0xx.o
LOAD Core/Startup/startup_stm32f051k6tx.o
LOAD Drivers/STM32F0xx_HAL_Driver/Src/stm32f0xx_hal.o
LOAD Drivers/STM32F0xx_HAL_Driver/Src/stm32f0xx_hal_cortex.o
LOAD Drivers/STM32F0xx_HAL_Driver/Src/stm32f0xx_hal_dma.o
LOAD Drivers/STM32F0xx_HAL_Driver/Src/stm32f0xx_hal_exti.o
LOAD Drivers/STM32F0xx_HAL_Driver/Src/stm32f0xx_hal_flash.o
LOAD Drivers/STM32F0xx_HAL_Driver/Src/stm32f0xx_hal_flash_ex.o
LOAD Drivers/STM32F0xx_HAL_Driver/Src/stm32f0xx_hal_gpio.o
LOAD Drivers/STM32F0xx_HAL_Driver/Src/stm32f0xx_hal_i2c.o
LOAD Drivers/STM32F0xx_HAL_Driver/Src/stm32f0xx_hal_i2c_ex.o
LOAD Drivers/STM32F0xx_HAL_Driver/Src/stm32f0xx_hal_pwr.o
LOAD Drivers/STM32F0xx_HAL_Driver/Src/stm32f0xx_hal_pwr_ex.o
LOAD Drivers/STM32F0xx_HAL_Driver/Src/stm32f0xx_hal_rcc.o
LOAD Drivers/STM32F0xx_HAL_Driver/Src/stm32f0xx_hal_rcc_ex.o
LOAD Drivers/STM32F0xx_HAL_Driver/Src/stm32f0xx_hal_tim.o
LOAD Drivers/STM32F0xx_HAL_Driver/Src/stm32f0xx_hal_tim_ex.o
LOAD Drivers/STM32F0xx_HAL_Driver/Src/stm32f0xx_ll_dma.o
LOAD Drivers/STM32F0xx_HAL_Driver/Src/stm32f0xx_ll_exti.o
LOAD Drivers/STM32F0xx_HAL_Driver/Src/stm32f0xx_ll_gpio.o
LOAD Drivers/STM32F0xx_HAL_Driver/Src/stm32f0xx_ll_pwr.o
LOAD Drivers/STM32F0xx_HAL_Driver/Src/stm32f0xx_ll_rcc.o
LOAD Drivers/STM32F0xx_HAL_Driver/Src/stm32f0xx_ll_tim.o
LOAD Drivers/STM32F0xx_HAL_Driver/Src/stm32f0xx_ll_utils.o
START GROUP
LOAD c:/st/stm32cubeide_1.0.2/stm32cubeide/plugins/com.st.stm32cube.ide.mcu.externaltools.gnu-tools-for-stm32.7-2018-q2-update.win32_1.5.0.202011040924/tools/bin/../lib/gcc/arm-none-eabi/7.3.1/../../../../arm-none-eabi/lib/thumb/v6-m\libc_nano.a
LOAD c:/st/stm32cubeide_1.0.2/stm32cubeide/plugins/com.st.stm32cube.ide.mcu.externaltools.gnu-tools-for-stm32.7-2018-q2-update.win32_1.5.0.202011040924/tools/bin/../lib/gcc/arm-none-eabi/7.3.1/../../../../arm-none-eabi/lib/thumb/v6-m\libm.a
END GROUP
START GROUP
LOAD c:/st/stm32cubeide_1.0.2/stm32cubeide/plugins/com.st.stm32cube.ide.mcu.externaltools.gnu-tools-for-stm32.7-2018-q2-update.win32_1.5.0.202011040924/tools/bin/../lib/gcc/arm-none-eabi/7.3.1/thumb/v6-m\libgcc.a
LOAD c:/st/stm32cubeide_1.0.2/stm32cubeide/plugins/com.st.stm32cube.ide.mcu.externaltools.gnu-tools-for-stm32.7-2018-q2-update.win32_1.5.0.202011040924/tools/bin/../lib/gcc/arm-none-eabi/7.3.1/../../../../arm-none-eabi/lib/thumb/v6-m\libc_nano.a
END GROUP
START GROUP
LOAD c:/st/stm32cubeide_1.0.2/stm32cubeide/plugins/com.st.stm32cube.ide.mcu.externaltools.gnu-tools-for-stm32.7-2018-q2-update.win32_1.5.0.202011040924/tools/bin/../lib/gcc/arm-none-eabi/7.3.1/thumb/v6-m\libgcc.a
LOAD c:/st/stm32cubeide_1.0.2/stm32cubeide/plugins/com.st.stm32cube.ide.mcu.externaltools.gnu-tools-for-stm32.7-2018-q2-update.win32_1.5.0.202011040924/tools/bin/../lib/gcc/arm-none-eabi/7.3.1/../../../../arm-none-eabi/lib/thumb/v6-m\libc_nano.a
LOAD c:/st/stm32cubeide_1.0.2/stm32cubeide/plugins/com.st.stm32cube.ide.mcu.externaltools.gnu-tools-for-stm32.7-2018-q2-update.win32_1.5.0.202011040924/tools/bin/../lib/gcc/arm-none-eabi/7.3.1/../../../../arm-none-eabi/lib/thumb/v6-m\libnosys.a
END GROUP
START GROUP
LOAD c:/st/stm32cubeide_1.0.2/stm32cubeide/plugins/com.st.stm32cube.ide.mcu.externaltools.gnu-tools-for-stm32.7-2018-q2-update.win32_1.5.0.202011040924/tools/bin/../lib/gcc/arm-none-eabi/7.3.1/thumb/v6-m\libgcc.a
LOAD c:/st/stm32cubeide_1.0.2/stm32cubeide/plugins/com.st.stm32cube.ide.mcu.externaltools.gnu-tools-for-stm32.7-2018-q2-update.win32_1.5.0.202011040924/tools/bin/../lib/gcc/arm-none-eabi/7.3.1/../../../../arm-none-eabi/lib/thumb/v6-m\libc_nano.a
LOAD c:/st/stm32cubeide_1.0.2/stm32cubeide/plugins/com.st.stm32cube.ide.mcu.externaltools.gnu-tools-for-stm32.7-2018-q2-update.win32_1.5.0.202011040924/tools/bin/../lib/gcc/arm-none-eabi/7.3.1/../../../../arm-none-eabi/lib/thumb/v6-m\libnosys.a
END GROUP
LOAD c:/st/stm32cubeide_1.0.2/stm32cubeide/plugins/com.st.stm32cube.ide.mcu.externaltools.gnu-tools-for-stm32.7-2018-q2-update.win32_1.5.0.202011040924/tools/bin/../lib/gcc/arm-none-eabi/7.3.1/thumb/v6-m/crtend.o
LOAD c:/st/stm32cubeide_1.0.2/stm32cubeide/plugins/com.st.stm32cube.ide.mcu.externaltools.gnu-tools-for-stm32.7-2018-q2-update.win32_1.5.0.202011040924/tools/bin/../lib/gcc/arm-none-eabi/7.3.1/thumb/v6-m/crtn.o
                0x0000000020002000                _estack = (ORIGIN (RAM) + LENGTH (RAM))
                0x0000000000000200                _Min_Heap_Size = 0x200
                0x0000000000000400                _Min_Stack_Size = 0x400

.isr_vector     0x0000000008000000       0xc0
                0x0000000008000000                . = ALIGN (0x4)
 *(.isr_vector)
 .isr_vector    0x0000000008000000       0xc0 Core/Startup/startup_stm32f051k6tx.o
                0x0000000008000000                g_pfnVectors
                0x00000000080000c0                . = ALIGN (0x4)

.bootloader_version
                0x0000000008000ffc        0x1
                0x0000000008000ffc                . = ALIGN (0x4)
 *(.bootloader_info)
 .bootloader_info
                0x0000000008000ffc        0x1 Core/Src/main.o
                0x0000000008000ffc                bootloader_version

.text           0x00000000080000c0      0xc5c
                0x00000000080000c0                . = ALIGN (0x4)
 *(.text)
 .text          0x00000000080000c0       0x48 c:/st/stm32cubeide_1.0.2/stm32cubeide/plugins/com.st.stm32cube.ide.mcu.externaltools.gnu-tools-for-stm32.7-2018-q2-update.win32_1.5.0.202011040924/tools/bin/../lib/gcc/arm-none-eabi/7.3.1/thumb/v6-m/crtbegin.o
 .text          0x0000000008000108      0x114 c:/st/stm32cubeide_1.0.2/stm32cubeide/plugins/com.st.stm32cube.ide.mcu.externaltools.gnu-tools-for-stm32.7-2018-q2-update.win32_1.5.0.202011040924/tools/bin/../lib/gcc/arm-none-eabi/7.3.1/thumb/v6-m\libgcc.a(_udivsi3.o)
                0x0000000008000108                __aeabi_uidiv
                0x0000000008000108                __udivsi3
                0x0000000008000214                __aeabi_uidivmod
 .text          0x000000000800021c        0x4 c:/st/stm32cubeide_1.0.2/stm32cubeide/plugins/com.st.stm32cube.ide.mcu.externaltools.gnu-tools-for-stm32.7-2018-q2-update.win32_1.5.0.202011040924/tools/bin/../lib/gcc/arm-none-eabi/7.3.1/thumb/v6-m\libgcc.a(_dvmd_tls.o)
                0x000000000800021c                __aeabi_idiv0
                0x000000000800021c                __aeabi_ldiv0
 *(.text*)
 .text.save_flash_nolib
                0x0000000008000220       0xf8 Core/Src/bootloader.o
                0x0000000008000220                save_flash_nolib
 .text.read_flash_bin
                0x0000000008000318       0x16 Core/Src/bootloader.o
                0x0000000008000318                read_flash_bin
 *fill*         0x000000000800032e        0x2 
 .text.MX_GPIO_INPUT_INIT
                0x0000000008000330       0x3c Core/Src/main.o
 .text.delayMicroseconds
                0x000000000800036c       0x10 Core/Src/main.o
                0x000000000800036c                delayMicroseconds
 .text.jump     0x000000000800037c       0x44 Core/Src/main.o
                0x000000000800037c                jump
 .text.makeCrc  0x00000000080003c0       0x68 Core/Src/main.o
                0x00000000080003c0                makeCrc
 .text.checkCrc
                0x0000000008000428       0x2c Core/Src/main.o
                0x0000000008000428                checkCrc
 .text.setReceive
                0x0000000008000454       0x14 Core/Src/main.o
                0x0000000008000454                setReceive
 .text.setTransmit
                0x0000000008000468       0x14 Core/Src/main.o
                0x0000000008000468                setTransmit
 .text.serialreadChar
                0x000000000800047c       0x94 Core/Src/main.o
                0x000000000800047c                serialreadChar
 .text.serialwriteChar
                0x0000000008000510       0x3c Core/Src/main.o
                0x0000000008000510                serialwriteChar
 .text.send_ACK
                0x000000000800054c       0x12 Core/Src/main.o
                0x000000000800054c                send_ACK
 .text.send_BAD_ACK
                0x000000000800055e       0x12 Core/Src/main.o
                0x000000000800055e                send_BAD_ACK
 .text.send_BAD_CRC_ACK
                0x0000000008000570       0x12 Core/Src/main.o
                0x0000000008000570                send_BAD_CRC_ACK
 .text.sendString
                0x0000000008000582       0x20 Core/Src/main.o
                0x0000000008000582                sendString
 *fill*         0x00000000080005a2        0x2 
 .text.sendDeviceInfo
                0x00000000080005a4       0x18 Core/Src/main.o
                0x00000000080005a4                sendDeviceInfo
 .text.decodeInput
                0x00000000080005bc      0x284 Core/Src/main.o
                0x00000000080005bc                decodeInput
 .text.recieveBuffer
                0x0000000008000840       0x90 Core/Src/main.o
                0x0000000008000840                recieveBuffer
 .text.update_EEPROM
                0x00000000080008d0       0x34 Core/Src/main.o
                0x00000000080008d0                update_EEPROM
 .text.SystemClock_Config
                0x0000000008000904       0xa4 Core/Src/main.o
                0x0000000008000904                SystemClock_Config
 .text.startup.main
                0x00000000080009a8      0x120 Core/Src/main.o
                0x00000000080009a8                main
 .text.NMI_Handler
                0x0000000008000ac8        0x2 Core/Src/stm32f0xx_it.o
                0x0000000008000ac8                NMI_Handler
 .text.HardFault_Handler
                0x0000000008000aca        0x2 Core/Src/stm32f0xx_it.o
                0x0000000008000aca                HardFault_Handler
 .text.SVC_Handler
                0x0000000008000acc        0x2 Core/Src/stm32f0xx_it.o
                0x0000000008000acc                SVC_Handler
 .text.PendSV_Handler
                0x0000000008000ace        0x2 Core/Src/stm32f0xx_it.o
                0x0000000008000ace                PendSV_Handler
 .text.SysTick_Handler
                0x0000000008000ad0        0x2 Core/Src/stm32f0xx_it.o
                0x0000000008000ad0                SysTick_Handler
 .text.SystemInit
                0x0000000008000ad2        0x2 Core/Src/system_stm32f0xx.o
                0x0000000008000ad2                SystemInit
 .text.Reset_Handler
                0x0000000008000ad4       0x50 Core/Startup/startup_stm32f051k6tx.o
                0x0000000008000ad4                Reset_Handler
 .text.Default_Handler
                0x0000000008000b24        0x2 Core/Startup/startup_stm32f051k6tx.o
                0x0000000008000b24                TIM1_CC_IRQHandler
                0x0000000008000b24                TSC_IRQHandler
                0x0000000008000b24                ADC1_COMP_IRQHandler
                0x0000000008000b24                PVD_IRQHandler
                0x0000000008000b24                I2C1_IRQHandler
                0x0000000008000b24                RCC_CRS_IRQHandler
                0x0000000008000b24                SPI1_IRQHandler
                0x0000000008000b24                TIM6_DAC_IRQHandler
                0x0000000008000b24                EXTI2_3_IRQHandler
                0x0000000008000b24                I2C2_IRQHandler
                0x0000000008000b24                TIM17_IRQHandler
                0x0000000008000b24                CEC_CAN_IRQHandler
                0x0000000008000b24                RTC_IRQHandler
                0x0000000008000b24                TIM16_IRQHandler
                0x0000000008000b24                TIM3_IRQHandler
                0x0000000008000b24                EXTI4_15_IRQHandler
                0x0000000008000b24                DMA1_Channel1_IRQHandler
                0x0000000008000b24                Default_Handler
                0x0000000008000b24                TIM14_IRQHandler
                0x0000000008000b24                DMA1_Channel4_5_IRQHandler
                0x0000000008000b24                TIM15_IRQHandler
                0x0000000008000b24                EXTI0_1_IRQHandler
                0x0000000008000b24                SPI2_IRQHandler
                0x0000000008000b24                WWDG_IRQHandler
                0x0000000008000b24                TIM2_IRQHandler
                0x0000000008000b24                DMA1_Channel2_3_IRQHandler
                0x0000000008000b24                USART2_IRQHandler
                0x0000000008000b24                FLASH_IRQHandler
                0x0000000008000b24                USART1_IRQHandler
                0x0000000008000b24                TIM1_BRK_UP_TRG_COM_IRQHandler
 .text.LL_GPIO_Init
                0x0000000008000b26       0xb8 Drivers/STM32F0xx_HAL_Driver/Src/stm32f0xx_ll_gpio.o
                0x0000000008000b26                LL_GPIO_Init
 *fill*         0x0000000008000bde        0x2 
 .text.LL_TIM_Init
                0x0000000008000be0       0xa0 Drivers/STM32F0xx_HAL_Driver/Src/stm32f0xx_ll_tim.o
                0x0000000008000be0                LL_TIM_Init
 .text.LL_Init1msTick
                0x0000000008000c80       0x20 Drivers/STM32F0xx_HAL_Driver/Src/stm32f0xx_ll_utils.o
                0x0000000008000c80                LL_Init1msTick
 .text.LL_SetSystemCoreClock
                0x0000000008000ca0        0xc Drivers/STM32F0xx_HAL_Driver/Src/stm32f0xx_ll_utils.o
                0x0000000008000ca0                LL_SetSystemCoreClock
 .text.__libc_init_array
                0x0000000008000cac       0x48 c:/st/stm32cubeide_1.0.2/stm32cubeide/plugins/com.st.stm32cube.ide.mcu.externaltools.gnu-tools-for-stm32.7-2018-q2-update.win32_1.5.0.202011040924/tools/bin/../lib/gcc/arm-none-eabi/7.3.1/../../../../arm-none-eabi/lib/thumb/v6-m\libc_nano.a(lib_a-init.o)
                0x0000000008000cac                __libc_init_array
 .text.memset   0x0000000008000cf4       0x10 c:/st/stm32cubeide_1.0.2/stm32cubeide/plugins/com.st.stm32cube.ide.mcu.externaltools.gnu-tools-for-stm32.7-2018-q2-update.win32_1.5.0.202011040924/tools/bin/../lib/gcc/arm-none-eabi/7.3.1/../../../../arm-none-eabi/lib/thumb/v6-m\libc_nano.a(lib_a-memset.o)
                0x0000000008000cf4                memset
 *(.glue_7)
 .glue_7        0x0000000008000d04        0x0 linker stubs
 *(.glue_7t)
 .glue_7t       0x0000000008000d04        0x0 linker stubs
 *(.eh_frame)
 .eh_frame      0x0000000008000d04        0x0 c:/st/stm32cubeide_1.0.2/stm32cubeide/plugins/com.st.stm32cube.ide.mcu.externaltools.gnu-tools-for-stm32.7-2018-q2-update.win32_1.5.0.202011040924/tools/bin/../lib/gcc/arm-none-eabi/7.3.1/thumb/v6-m/crtbegin.o
 *(.init)
 .init          0x0000000008000d04        0x4 c:/st/stm32cubeide_1.0.2/stm32cubeide/plugins/com.st.stm32cube.ide.mcu.externaltools.gnu-tools-for-stm32.7-2018-q2-update.win32_1.5.0.202011040924/tools/bin/../lib/gcc/arm-none-eabi/7.3.1/thumb/v6-m/crti.o
                0x0000000008000d04                _init
 .init          0x0000000008000d08        0x8 c:/st/stm32cubeide_1.0.2/stm32cubeide/plugins/com.st.stm32cube.ide.mcu.externaltools.gnu-tools-for-stm32.7-2018-q2-update.win32_1.5.0.202011040924/tools/bin/../lib/gcc/arm-none-eabi/7.3.1/thumb/v6-m/crtn.o
 *(.fini)
 .fini          0x0000000008000d10        0x4 c:/st/stm32cubeide_1.0.2/stm32cubeide/plugins/com.st.stm32cube.ide.mcu.externaltools.gnu-tools-for-stm32.7-2018-q2-update.win32_1.5.0.202011040924/tools/bin/../lib/gcc/arm-none-eabi/7.3.1/thumb/v6-m/crti.o
                0x0000000008000d10                _fini
 .fini          0x0000000008000d14        0x8 c:/st/stm32cubeide_1.0.2/stm32cubeide/plugins/com.st.stm32cube.ide.mcu.externaltools.gnu-tools-for-stm32.7-2018-q2-update.win32_1.5.0.202011040924/tools/bin/../lib/gcc/arm-none-eabi/7.3.1/thumb/v6-m/crtn.o
                0x0000000008000d1c                . = ALIGN (0x4)
                0x0000000008000d1c                _etext = .

.vfp11_veneer   0x0000000008000d1c        0x0
 .vfp11_veneer  0x0000000008000d1c        0x0 linker stubs

.v4_bx          0x0000000008000d1c        0x0
 .v4_bx         0x0000000008000d1c        0x0 linker stubs

.iplt           0x0000000008000d1c        0x0
 .iplt          0x0000000008000d1c        0x0 c:/st/stm32cubeide_1.0.2/stm32cubeide/plugins/com.st.stm32cube.ide.mcu.externaltools.gnu-tools-for-stm32.7-2018-q2-update.win32_1.5.0.202011040924/tools/bin/../lib/gcc/arm-none-eabi/7.3.1/thumb/v6-m/crtbegin.o

.rel.dyn        0x0000000008000d1c        0x0
 .rel.iplt      0x0000000008000d1c        0x0 c:/st/stm32cubeide_1.0.2/stm32cubeide/plugins/com.st.stm32cube.ide.mcu.externaltools.gnu-tools-for-stm32.7-2018-q2-update.win32_1.5.0.202011040924/tools/bin/../lib/gcc/arm-none-eabi/7.3.1/thumb/v6-m/crtbegin.o

.rodata         0x0000000008000d1c        0x0
                0x0000000008000d1c                . = ALIGN (0x4)
 *(.rodata)
 *(.rodata*)
                0x0000000008000d1c                . = ALIGN (0x4)

.ARM.extab      0x0000000008000d1c        0x0
                0x0000000008000d1c                . = ALIGN (0x4)
 *(.ARM.extab* .gnu.linkonce.armextab.*)
                0x0000000008000d1c                . = ALIGN (0x4)

.ARM            0x0000000008000d1c        0x0
                0x0000000008000d1c                . = ALIGN (0x4)
                0x0000000008000d1c                __exidx_start = .
 *(.ARM.exidx*)
                0x0000000008000d1c                __exidx_end = .
                0x0000000008000d1c                . = ALIGN (0x4)

.preinit_array  0x0000000008000d1c        0x0
                0x0000000008000d1c                . = ALIGN (0x4)
                0x0000000008000d1c                PROVIDE (__preinit_array_start = .)
 *(.preinit_array*)
                0x0000000008000d1c                PROVIDE (__preinit_array_end = .)
                0x0000000008000d1c                . = ALIGN (0x4)

.init_array     0x0000000008000d1c        0x4
                0x0000000008000d1c                . = ALIGN (0x4)
                0x0000000008000d1c                PROVIDE (__init_array_start = .)
 *(SORT_BY_NAME(.init_array.*))
 *(.init_array*)
 .init_array    0x0000000008000d1c        0x4 c:/st/stm32cubeide_1.0.2/stm32cubeide/plugins/com.st.stm32cube.ide.mcu.externaltools.gnu-tools-for-stm32.7-2018-q2-update.win32_1.5.0.202011040924/tools/bin/../lib/gcc/arm-none-eabi/7.3.1/thumb/v6-m/crtbegin.o
                0x0000000008000d20                PROVIDE (__init_array_end = .)
                0x0000000008000d20                . = ALIGN (0x4)

.fini_array     0x0000000008000d20        0x4
                0x0000000008000d20                . = ALIGN (0x4)
                [!provide]                        PROVIDE (__fini_array_start = .)
 *(SORT_BY_NAME(.fini_array.*))
 *(.fini_array*)
 .fini_array    0x0000000008000d20        0x4 c:/st/stm32cubeide_1.0.2/stm32cubeide/plugins/com.st.stm32cube.ide.mcu.externaltools.gnu-tools-for-stm32.7-2018-q2-update.win32_1.5.0.202011040924/tools/bin/../lib/gcc/arm-none-eabi/7.3.1/thumb/v6-m/crtbegin.o
                [!provide]                        PROVIDE (__fini_array_end = .)
                0x0000000008000d24                . = ALIGN (0x4)
                0x0000000008000d24                _sidata = LOADADDR (.data)

.data           0x0000000020000000       0x18 load address 0x0000000008000d24
                0x0000000020000000                . = ALIGN (0x4)
                0x0000000020000000                _sdata = .
 *(.data)
 *(.data*)
 .data.FLASH_FKEY1
                0x0000000020000000        0x4 Core/Src/bootloader.o
                0x0000000020000000                FLASH_FKEY1
 .data.FLASH_FKEY2
                0x0000000020000004        0x4 Core/Src/bootloader.o
                0x0000000020000004                FLASH_FKEY2
 .data.deviceInfo
                0x0000000020000008        0x9 Core/Src/main.o
                0x0000000020000008                deviceInfo
 .data.pin_code
                0x0000000020000011        0x1 Core/Src/main.o
                0x0000000020000011                pin_code
 *fill*         0x0000000020000012        0x2 
 .data.SystemCoreClock
                0x0000000020000014        0x4 Core/Src/system_stm32f0xx.o
                0x0000000020000014                SystemCoreClock
                0x0000000020000018                . = ALIGN (0x4)
                0x0000000020000018                _edata = .

.igot.plt       0x0000000020000018        0x0 load address 0x0000000008000d3c
 .igot.plt      0x0000000020000018        0x0 c:/st/stm32cubeide_1.0.2/stm32cubeide/plugins/com.st.stm32cube.ide.mcu.externaltools.gnu-tools-for-stm32.7-2018-q2-update.win32_1.5.0.202011040924/tools/bin/../lib/gcc/arm-none-eabi/7.3.1/thumb/v6-m/crtbegin.o
                0x0000000020000018                . = ALIGN (0x4)

.bss            0x0000000020000018      0x25c load address 0x0000000008000d3c
                0x0000000020000018                _sbss = .
                0x0000000020000018                __bss_start__ = _sbss
 *(.bss)
 .bss           0x0000000020000018       0x1c c:/st/stm32cubeide_1.0.2/stm32cubeide/plugins/com.st.stm32cube.ide.mcu.externaltools.gnu-tools-for-stm32.7-2018-q2-update.win32_1.5.0.202011040924/tools/bin/../lib/gcc/arm-none-eabi/7.3.1/thumb/v6-m/crtbegin.o
 *(.bss*)
 .bss.CRC_16.6986
                0x0000000020000034        0x2 Core/Src/main.o
 *fill*         0x0000000020000036        0x2 
 .bss.cmd       0x0000000020000038        0x4 Core/Src/main.o
                0x0000000020000038                cmd
 .bss.count     0x000000002000003c        0x4 Core/Src/main.o
                0x000000002000003c                count
 .bss.eeprom_req
                0x0000000020000040        0x1 Core/Src/main.o
                0x0000000020000040                eeprom_req
 .bss.incoming_payload_no_command
                0x0000000020000041        0x1 Core/Src/main.o
                0x0000000020000041                incoming_payload_no_command
 .bss.invalid_command
                0x0000000020000042        0x2 Core/Src/main.o
                0x0000000020000042                invalid_command
 .bss.low_pin_count
                0x0000000020000044        0x2 Core/Src/main.o
                0x0000000020000044                low_pin_count
 .bss.messagereceived
                0x0000000020000046        0x1 Core/Src/main.o
                0x0000000020000046                messagereceived
 .bss.rxbyte    0x0000000020000047        0x1 Core/Src/main.o
                0x0000000020000047                rxbyte
 *(COMMON)
 COMMON         0x0000000020000048      0x22c Core/Src/main.o
                0x0000000020000048                payload_buffer_size
                0x000000002000004a                payLoadBuffer
                0x000000002000014c                address
                0x0000000020000150                receivedCount
                0x0000000020000154                str_len
                0x0000000020000158                JumpAddress
                0x000000002000015c                received_crc_low_byte
                0x000000002000015d                calculated_crc_high_byte
                0x000000002000015e                calculated_crc_low_byte
                0x000000002000015f                rxBuffer
                0x0000000020000262                address_expected_increment
                0x0000000020000264                port_letter
                0x0000000020000265                received_crc_high_byte
                0x0000000020000268                JumpToApplication
                0x000000002000026c                len
                0x000000002000026e                receviedByte
                0x0000000020000270                received
                0x0000000020000274                . = ALIGN (0x4)
                0x0000000020000274                _ebss = .
                0x0000000020000274                __bss_end__ = _ebss

._user_heap_stack
                0x0000000020000274      0x604 load address 0x0000000008000d3c
                0x0000000020000278                . = ALIGN (0x8)
 *fill*         0x0000000020000274        0x4 
                0x0000000020000278                PROVIDE (end = .)
                [!provide]                        PROVIDE (_end = .)
                0x0000000020000478                . = (. + _Min_Heap_Size)
 *fill*         0x0000000020000278      0x200 
                0x0000000020000878                . = (. + _Min_Stack_Size)
 *fill*         0x0000000020000478      0x400 
                0x0000000020000878                . = ALIGN (0x8)

/DISCARD/
 libc.a(*)
 libm.a(*)
 libgcc.a(*)

.ARM.attributes
                0x0000000000000000       0x28
 *(.ARM.attributes)
 .ARM.attributes
                0x0000000000000000       0x1e c:/st/stm32cubeide_1.0.2/stm32cubeide/plugins/com.st.stm32cube.ide.mcu.externaltools.gnu-tools-for-stm32.7-2018-q2-update.win32_1.5.0.202011040924/tools/bin/../lib/gcc/arm-none-eabi/7.3.1/thumb/v6-m/crti.o
 .ARM.attributes
                0x000000000000001e       0x2c c:/st/stm32cubeide_1.0.2/stm32cubeide/plugins/com.st.stm32cube.ide.mcu.externaltools.gnu-tools-for-stm32.7-2018-q2-update.win32_1.5.0.202011040924/tools/bin/../lib/gcc/arm-none-eabi/7.3.1/thumb/v6-m/crtbegin.o
 .ARM.attributes
                0x000000000000004a       0x31 Core/Src/bootloader.o
 .ARM.attributes
                0x000000000000007b       0x31 Core/Src/main.o
 .ARM.attributes
                0x00000000000000ac       0x31 Core/Src/stm32f0xx_it.o
 .ARM.attributes
                0x00000000000000dd       0x31 Core/Src/system_stm32f0xx.o
 .ARM.attributes
                0x000000000000010e       0x21 Core/Startup/startup_stm32f051k6tx.o
 .ARM.attributes
                0x000000000000012f       0x31 Drivers/STM32F0xx_HAL_Driver/Src/stm32f0xx_ll_gpio.o
 .ARM.attributes
                0x0000000000000160       0x31 Drivers/STM32F0xx_HAL_Driver/Src/stm32f0xx_ll_tim.o
 .ARM.attributes
                0x0000000000000191       0x31 Drivers/STM32F0xx_HAL_Driver/Src/stm32f0xx_ll_utils.o
 .ARM.attributes
                0x00000000000001c2       0x2c c:/st/stm32cubeide_1.0.2/stm32cubeide/plugins/com.st.stm32cube.ide.mcu.externaltools.gnu-tools-for-stm32.7-2018-q2-update.win32_1.5.0.202011040924/tools/bin/../lib/gcc/arm-none-eabi/7.3.1/../../../../arm-none-eabi/lib/thumb/v6-m\libc_nano.a(lib_a-init.o)
 .ARM.attributes
                0x00000000000001ee       0x2c c:/st/stm32cubeide_1.0.2/stm32cubeide/plugins/com.st.stm32cube.ide.mcu.externaltools.gnu-tools-for-stm32.7-2018-q2-update.win32_1.5.0.202011040924/tools/bin/../lib/gcc/arm-none-eabi/7.3.1/../../../../arm-none-eabi/lib/thumb/v6-m\libc_nano.a(lib_a-memset.o)
 .ARM.attributes
                0x000000000000021a       0x1e c:/st/stm32cubeide_1.0.2/stm32cubeide/plugins/com.st.stm32cube.ide.mcu.externaltools.gnu-tools-for-stm32.7-2018-q2-update.win32_1.5.0.202011040924/tools/bin/../lib/gcc/arm-none-eabi/7.3.1/thumb/v6-m\libgcc.a(_udivsi3.o)
 .ARM.attributes
                0x0000000000000238       0x1e c:/st/stm32cubeide_1.0.2/stm32cubeide/plugins/com.st.stm32cube.ide.mcu.externaltools.gnu-tools-for-stm32.7-2018-q2-update.win32_1.5.0.202011040924/tools/bin/../lib/gcc/arm-none-eabi/7.3.1/thumb/v6-m\libgcc.a(_dvmd_tls.o)
 .ARM.attributes
                0x0000000000000256       0x1e c:/st/stm32cubeide_1.0.2/stm32cubeide/plugins/com.st.stm32cube.ide.mcu.externaltools.gnu-tools-for-stm32.7-2018-q2-update.win32_1.5.0.202011040924/tools/bin/../lib/gcc/arm-none-eabi/7.3.1/thumb/v6-m/crtn.o
OUTPUT(Serial_software.elf elf32-littlearm)

.debug_info     0x0000000000000000     0x5142
 .debug_info    0x0000000000000000      0xb95 Core/Src/bootloader.o
 .debug_info    0x0000000000000b95     0x1ed8 Core/Src/main.o
 .debug_info    0x0000000000002a6d      0x1c3 Core/Src/stm32f0xx_it.o
 .debug_info    0x0000000000002c30      0x246 Core/Src/system_stm32f0xx.o
 .debug_info    0x0000000000002e76       0x22 Core/Startup/startup_stm32f051k6tx.o
 .debug_info    0x0000000000002e98      0x732 Drivers/STM32F0xx_HAL_Driver/Src/stm32f0xx_ll_gpio.o
 .debug_info    0x00000000000035ca     0x1179 Drivers/STM32F0xx_HAL_Driver/Src/stm32f0xx_ll_tim.o
 .debug_info    0x0000000000004743      0x9ff Drivers/STM32F0xx_HAL_Driver/Src/stm32f0xx_ll_utils.o

.debug_abbrev   0x0000000000000000     0x1131
 .debug_abbrev  0x0000000000000000      0x261 Core/Src/bootloader.o
 .debug_abbrev  0x0000000000000261      0x582 Core/Src/main.o
 .debug_abbrev  0x00000000000007e3       0xbb Core/Src/stm32f0xx_it.o
 .debug_abbrev  0x000000000000089e      0x100 Core/Src/system_stm32f0xx.o
 .debug_abbrev  0x000000000000099e       0x12 Core/Startup/startup_stm32f051k6tx.o
 .debug_abbrev  0x00000000000009b0      0x1da Drivers/STM32F0xx_HAL_Driver/Src/stm32f0xx_ll_gpio.o
 .debug_abbrev  0x0000000000000b8a      0x280 Drivers/STM32F0xx_HAL_Driver/Src/stm32f0xx_ll_tim.o
 .debug_abbrev  0x0000000000000e0a      0x327 Drivers/STM32F0xx_HAL_Driver/Src/stm32f0xx_ll_utils.o

.debug_loc      0x0000000000000000     0x1f8e
 .debug_loc     0x0000000000000000      0x20b Core/Src/bootloader.o
 .debug_loc     0x000000000000020b      0x5b5 Core/Src/main.o
 .debug_loc     0x00000000000007c0      0x127 Core/Src/system_stm32f0xx.o
 .debug_loc     0x00000000000008e7      0x320 Drivers/STM32F0xx_HAL_Driver/Src/stm32f0xx_ll_gpio.o
 .debug_loc     0x0000000000000c07      0xe03 Drivers/STM32F0xx_HAL_Driver/Src/stm32f0xx_ll_tim.o
 .debug_loc     0x0000000000001a0a      0x584 Drivers/STM32F0xx_HAL_Driver/Src/stm32f0xx_ll_utils.o

.debug_aranges  0x0000000000000000      0x260
 .debug_aranges
                0x0000000000000000       0x28 Core/Src/bootloader.o
 .debug_aranges
                0x0000000000000028       0xc0 Core/Src/main.o
 .debug_aranges
                0x00000000000000e8       0x28 Core/Src/stm32f0xx_it.o
 .debug_aranges
                0x0000000000000110       0x28 Core/Src/system_stm32f0xx.o
 .debug_aranges
                0x0000000000000138       0x28 Core/Startup/startup_stm32f051k6tx.o
 .debug_aranges
                0x0000000000000160       0x30 Drivers/STM32F0xx_HAL_Driver/Src/stm32f0xx_ll_gpio.o
 .debug_aranges
                0x0000000000000190       0x80 Drivers/STM32F0xx_HAL_Driver/Src/stm32f0xx_ll_tim.o
 .debug_aranges
                0x0000000000000210       0x50 Drivers/STM32F0xx_HAL_Driver/Src/stm32f0xx_ll_utils.o

.debug_ranges   0x0000000000000000      0x718
 .debug_ranges  0x0000000000000000       0x50 Core/Src/bootloader.o
 .debug_ranges  0x0000000000000050      0x310 Core/Src/main.o
 .debug_ranges  0x0000000000000360       0x18 Core/Src/stm32f0xx_it.o
 .debug_ranges  0x0000000000000378       0x18 Core/Src/system_stm32f0xx.o
 .debug_ranges  0x0000000000000390       0x20 Core/Startup/startup_stm32f051k6tx.o
 .debug_ranges  0x00000000000003b0       0x50 Drivers/STM32F0xx_HAL_Driver/Src/stm32f0xx_ll_gpio.o
 .debug_ranges  0x0000000000000400      0x138 Drivers/STM32F0xx_HAL_Driver/Src/stm32f0xx_ll_tim.o
 .debug_ranges  0x0000000000000538      0x1e0 Drivers/STM32F0xx_HAL_Driver/Src/stm32f0xx_ll_utils.o

.debug_macro    0x0000000000000000     0xcb3b
 .debug_macro   0x0000000000000000      0x203 Core/Src/bootloader.o
 .debug_macro   0x0000000000000203      0xa8a Core/Src/bootloader.o
 .debug_macro   0x0000000000000c8d       0x2e Core/Src/bootloader.o
 .debug_macro   0x0000000000000cbb       0x22 Core/Src/bootloader.o
 .debug_macro   0x0000000000000cdd       0x22 Core/Src/bootloader.o
 .debug_macro   0x0000000000000cff       0x8e Core/Src/bootloader.o
 .debug_macro   0x0000000000000d8d       0x51 Core/Src/bootloader.o
 .debug_macro   0x0000000000000dde       0xef Core/Src/bootloader.o
 .debug_macro   0x0000000000000ecd       0x6a Core/Src/bootloader.o
 .debug_macro   0x0000000000000f37      0x1df Core/Src/bootloader.o
 .debug_macro   0x0000000000001116       0x1c Core/Src/bootloader.o
 .debug_macro   0x0000000000001132       0x22 Core/Src/bootloader.o
 .debug_macro   0x0000000000001154       0xb5 Core/Src/bootloader.o
 .debug_macro   0x0000000000001209      0x391 Core/Src/bootloader.o
 .debug_macro   0x000000000000159a     0x8cdd Core/Src/bootloader.o
 .debug_macro   0x000000000000a277       0x3c Core/Src/bootloader.o
 .debug_macro   0x000000000000a2b3      0x3e9 Core/Src/bootloader.o
 .debug_macro   0x000000000000a69c       0xe5 Core/Src/bootloader.o
 .debug_macro   0x000000000000a781      0x184 Core/Src/bootloader.o
 .debug_macro   0x000000000000a905       0xef Core/Src/bootloader.o
 .debug_macro   0x000000000000a9f4       0x16 Core/Src/bootloader.o
 .debug_macro   0x000000000000aa0a       0x2a Core/Src/bootloader.o
 .debug_macro   0x000000000000aa34       0xa7 Core/Src/bootloader.o
 .debug_macro   0x000000000000aadb      0x215 Core/Src/bootloader.o
 .debug_macro   0x000000000000acf0      0x5bd Core/Src/bootloader.o
 .debug_macro   0x000000000000b2ad      0x11f Core/Src/bootloader.o
 .debug_macro   0x000000000000b3cc       0x22 Core/Src/bootloader.o
 .debug_macro   0x000000000000b3ee       0x46 Core/Src/bootloader.o
 .debug_macro   0x000000000000b434       0x18 Core/Src/bootloader.o
 .debug_macro   0x000000000000b44c       0x3c Core/Src/bootloader.o
 .debug_macro   0x000000000000b488       0x34 Core/Src/bootloader.o
 .debug_macro   0x000000000000b4bc      0x174 Core/Src/bootloader.o
 .debug_macro   0x000000000000b630       0x52 Core/Src/bootloader.o
 .debug_macro   0x000000000000b682       0x1f Core/Src/bootloader.o
 .debug_macro   0x000000000000b6a1       0x43 Core/Src/bootloader.o
 .debug_macro   0x000000000000b6e4       0x20 Core/Src/bootloader.o
 .debug_macro   0x000000000000b704      0x1a3 Core/Src/bootloader.o
 .debug_macro   0x000000000000b8a7      0x32a Core/Src/bootloader.o
 .debug_macro   0x000000000000bbd1       0x10 Core/Src/bootloader.o
 .debug_macro   0x000000000000bbe1       0x35 Core/Src/bootloader.o
 .debug_macro   0x000000000000bc16       0x20 Core/Src/bootloader.o
 .debug_macro   0x000000000000bc36      0x2b2 Core/Src/main.o
 .debug_macro   0x000000000000bee8       0x22 Core/Src/main.o
 .debug_macro   0x000000000000bf0a      0x137 Core/Src/stm32f0xx_it.o
 .debug_macro   0x000000000000c041       0xc0 Core/Src/system_stm32f0xx.o
 .debug_macro   0x000000000000c101       0xfc Drivers/STM32F0xx_HAL_Driver/Src/stm32f0xx_ll_gpio.o
 .debug_macro   0x000000000000c1fd      0x119 Drivers/STM32F0xx_HAL_Driver/Src/stm32f0xx_ll_gpio.o
 .debug_macro   0x000000000000c316      0x145 Drivers/STM32F0xx_HAL_Driver/Src/stm32f0xx_ll_tim.o
 .debug_macro   0x000000000000c45b      0x5b7 Drivers/STM32F0xx_HAL_Driver/Src/stm32f0xx_ll_tim.o
 .debug_macro   0x000000000000ca12      0x129 Drivers/STM32F0xx_HAL_Driver/Src/stm32f0xx_ll_utils.o

.debug_line     0x0000000000000000     0x31f4
 .debug_line    0x0000000000000000      0x767 Core/Src/bootloader.o
 .debug_line    0x0000000000000767      0xb82 Core/Src/main.o
 .debug_line    0x00000000000012e9      0x5a3 Core/Src/stm32f0xx_it.o
 .debug_line    0x000000000000188c      0x478 Core/Src/system_stm32f0xx.o
 .debug_line    0x0000000000001d04       0x89 Core/Startup/startup_stm32f051k6tx.o
 .debug_line    0x0000000000001d8d      0x58a Drivers/STM32F0xx_HAL_Driver/Src/stm32f0xx_ll_gpio.o
 .debug_line    0x0000000000002317      0x7f0 Drivers/STM32F0xx_HAL_Driver/Src/stm32f0xx_ll_tim.o
 .debug_line    0x0000000000002b07      0x6ed Drivers/STM32F0xx_HAL_Driver/Src/stm32f0xx_ll_utils.o

.debug_str      0x0000000000000000    0x445ec
 .debug_str     0x0000000000000000    0x4164d Core/Src/bootloader.o
                                      0x41913 (size before relaxing)
 .debug_str     0x000000000004164d      0xa44 Core/Src/main.o
                                      0x42359 (size before relaxing)
 .debug_str     0x0000000000042091       0x76 Core/Src/stm32f0xx_it.o
                                      0x3e5c5 (size before relaxing)
 .debug_str     0x0000000000042107       0x80 Core/Src/system_stm32f0xx.o
                                      0x36971 (size before relaxing)
 .debug_str     0x0000000000042187       0x36 Core/Startup/startup_stm32f051k6tx.o
                                         0x7c (size before relaxing)
 .debug_str     0x00000000000421bd      0x524 Drivers/STM32F0xx_HAL_Driver/Src/stm32f0xx_ll_gpio.o
                                      0x37bbe (size before relaxing)
 .debug_str     0x00000000000426e1     0x1321 Drivers/STM32F0xx_HAL_Driver/Src/stm32f0xx_ll_tim.o
                                      0x3b2c2 (size before relaxing)
 .debug_str     0x0000000000043a02      0xbea Drivers/STM32F0xx_HAL_Driver/Src/stm32f0xx_ll_utils.o
                                      0x39eab (size before relaxing)

.comment        0x0000000000000000       0x7b
 .comment       0x0000000000000000       0x7b Core/Src/bootloader.o
                                         0x7c (size before relaxing)
 .comment       0x000000000000007b       0x7c Core/Src/main.o
 .comment       0x000000000000007b       0x7c Core/Src/stm32f0xx_it.o
 .comment       0x000000000000007b       0x7c Core/Src/system_stm32f0xx.o
 .comment       0x000000000000007b       0x7c Drivers/STM32F0xx_HAL_Driver/Src/stm32f0xx_ll_gpio.o
 .comment       0x000000000000007b       0x7c Drivers/STM32F0xx_HAL_Driver/Src/stm32f0xx_ll_tim.o
 .comment       0x000000000000007b       0x7c Drivers/STM32F0xx_HAL_Driver/Src/stm32f0xx_ll_utils.o

.debug_frame    0x0000000000000000      0x5b4
 .debug_frame   0x0000000000000000       0x4c Core/Src/bootloader.o
 .debug_frame   0x000000000000004c      0x22c Core/Src/main.o
 .debug_frame   0x0000000000000278       0x60 Core/Src/stm32f0xx_it.o
 .debug_frame   0x00000000000002d8       0x3c Core/Src/system_stm32f0xx.o
 .debug_frame   0x0000000000000314       0x50 Drivers/STM32F0xx_HAL_Driver/Src/stm32f0xx_ll_gpio.o
 .debug_frame   0x0000000000000364      0x11c Drivers/STM32F0xx_HAL_Driver/Src/stm32f0xx_ll_tim.o
 .debug_frame   0x0000000000000480       0xc8 Drivers/STM32F0xx_HAL_Driver/Src/stm32f0xx_ll_utils.o
 .debug_frame   0x0000000000000548       0x2c c:/st/stm32cubeide_1.0.2/stm32cubeide/plugins/com.st.stm32cube.ide.mcu.externaltools.gnu-tools-for-stm32.7-2018-q2-update.win32_1.5.0.202011040924/tools/bin/../lib/gcc/arm-none-eabi/7.3.1/../../../../arm-none-eabi/lib/thumb/v6-m\libc_nano.a(lib_a-init.o)
 .debug_frame   0x0000000000000574       0x20 c:/st/stm32cubeide_1.0.2/stm32cubeide/plugins/com.st.stm32cube.ide.mcu.externaltools.gnu-tools-for-stm32.7-2018-q2-update.win32_1.5.0.202011040924/tools/bin/../lib/gcc/arm-none-eabi/7.3.1/../../../../arm-none-eabi/lib/thumb/v6-m\libc_nano.a(lib_a-memset.o)
 .debug_frame   0x0000000000000594       0x20 c:/st/stm32cubeide_1.0.2/stm32cubeide/plugins/com.st.stm32cube.ide.mcu.externaltools.gnu-tools-for-stm32.7-2018-q2-update.win32_1.5.0.202011040924/tools/bin/../lib/gcc/arm-none-eabi/7.3.1/thumb/v6-m\libgcc.a(_udivsi3.o)
