main.c:604:13:MX_GPIO_INPUT_INIT	40	static
main.c:107:6:delayMicroseconds	0	static
main.c:114:6:jump	8	static,ignoring_inline_asm
main.c:134:6:makeCrc	32	static
main.c:158:6:checkCrc	16	static
main.c:172:6:setReceive	8	static
main.c:178:6:setTransmit	0	static
main.c:383:6:serialreadChar	24	static
main.c:417:6:serialwriteChar	24	static
main.c:183:6:send_ACK	8	static
main.c:189:6:send_BAD_ACK	8	static
main.c:195:6:send_BAD_CRC_ACK	8	static
main.c:448:6:sendString	16	static
main.c:201:6:sendDeviceInfo	8	static
main.c:209:6:decodeInput	32	dynamic
main.c:457:6:recieveBuffer	24	static
main.c:541:6:SystemClock_Config	8	static
main.c:491:5:main	48	static
main.c:626:6:Error_Handler	0	static
