main.c:669:13:MX_GPIO_INPUT_INIT	40	static
main.c:108:6:delayMicroseconds	0	static
main.c:115:6:jump	8	static,ignoring_inline_asm
main.c:139:6:makeCrc	32	static
main.c:163:6:checkCrc	16	static
main.c:177:6:setReceive	8	static
main.c:185:6:setTransmit	0	static
main.c:408:6:serialreadChar	24	static
main.c:452:6:serialwriteChar	24	static
main.c:192:6:send_ACK	8	static
main.c:198:6:send_BAD_ACK	8	static
main.c:483:6:sendString	16	static
main.c:204:6:sendDeviceInfo	8	static
main.c:212:6:decodeInput	32	dynamic
main.c:516:6:recieveBuffer	24	static
main.c:606:6:SystemClock_Config	8	static
main.c:550:5:main	48	static
main.c:691:6:Error_Handler	0	static
