main.c:652:13:MX_GPIO_INPUT_INIT	40	static
main.c:123:6:delayMicroseconds	0	static
main.c:130:6:jump	8	static,ignoring_inline_asm
main.c:150:6:makeCrc	32	static
main.c:174:6:checkCrc	16	static
main.c:188:6:setReceive	8	static
main.c:194:6:setTransmit	0	static
main.c:224:6:checkAddressWritable	0	static
main.c:416:6:serialreadChar	24	static
main.c:450:6:serialwriteChar	24	static
main.c:199:6:send_ACK	8	static
main.c:205:6:send_BAD_ACK	8	static
main.c:211:6:send_BAD_CRC_ACK	8	static
main.c:481:6:sendString	16	static
main.c:217:6:sendDeviceInfo	8	static
main.c:228:6:decodeInput	32	dynamic
main.c:490:6:recieveBuffer	24	static
main.c:524:6:update_EEPROM	8	static
main.c:589:6:SystemClock_Config	8	static
main.c:536:5:main	48	static
main.c:674:6:Error_Handler	0	static
