syscalls.c:48:6:initialise_monitor_handles	0	static
syscalls.c:52:5:_getpid	0	static
syscalls.c:57:5:_kill	8	static
syscalls.c:70:27:_read	16	static
syscalls.c:82:27:_write	16	static
syscalls.c:93:5:_close	0	static
syscalls.c:99:5:_fstat	0	static
syscalls.c:105:5:_isatty	0	static
syscalls.c:110:5:_lseek	0	static
syscalls.c:115:5:_open	0	static
syscalls.c:121:5:_wait	8	static
syscalls.c:127:5:_unlink	8	static
syscalls.c:133:5:_times	0	static
syscalls.c:138:5:_stat	0	static
syscalls.c:144:5:_link	8	static
syscalls.c:150:5:_fork	8	static
syscalls.c:156:5:_execve	8	static
