stm32f0xx_ll_tim.c:169:13:LL_TIM_DeInit	0	static
stm32f0xx_ll_tim.c:265:6:LL_TIM_StructInit	0	static
stm32f0xx_ll_tim.c:283:13:LL_TIM_Init	8	static
stm32f0xx_ll_tim.c:334:6:LL_TIM_OC_StructInit	0	static
stm32f0xx_ll_tim.c:360:13:LL_TIM_OC_Init	16	static
stm32f0xx_ll_tim.c:391:6:LL_TIM_IC_StructInit	0	static
stm32f0xx_ll_tim.c:413:13:LL_TIM_IC_Init	12	static
stm32f0xx_ll_tim.c:443:6:LL_TIM_ENCODER_StructInit	0	static
stm32f0xx_ll_tim.c:465:13:LL_TIM_ENCODER_Init	16	static
stm32f0xx_ll_tim.c:527:6:LL_TIM_HALLSENSOR_StructInit	0	static
stm32f0xx_ll_tim.c:556:13:LL_TIM_HALLSENSOR_Init	20	static
stm32f0xx_ll_tim.c:634:6:LL_TIM_BDTR_StructInit	0	static
stm32f0xx_ll_tim.c:659:13:LL_TIM_BDTR_Init	0	static
